Analysis initiated from SIMULIA established products
Abaqus JOB Job-2
Abaqus 2024
Abaqus License Manager checked out the following licenses:
Abaqus/Standard checked out 5 tokens from Flexnet server cocoec-lic2.cec.sc.edu.
<475 out of 480 licenses remain available>.
Begin Analysis Input File Processor
8/21/2025 12:31:00 PM
Run pre.exe
8/21/2025 12:31:04 PM
End Analysis Input File Processor
Begin Abaqus/Standard Analysis
8/21/2025 12:31:04 PM
Run standard.exe
8/21/2025 12:31:12 PM
End Abaqus/Standard Analysis
Begin SIM Wrap-up
8/21/2025 12:31:13 PM
Run SMASimUtility.exe
8/21/2025 12:31:13 PM
End SIM Wrap-up
Abaqus JOB Job-2 COMPLETED
